../Core/Src/lcd_touch.c:132:13:LCD_GPIO_Init	64	static
../Core/Src/lcd_touch.c:201:20:LCD_Write8	16	static
../Core/Src/lcd_touch.c:227:6:TFT_24S_Write_Command	16	static
../Core/Src/lcd_touch.c:233:6:TFT_24S_Write_Data	16	static
../Core/Src/lcd_touch.c:240:20:LCD_Write8Register8	16	static
../Core/Src/lcd_touch.c:250:20:LCD_Write16Register8	16	static
../Core/Src/lcd_touch.c:270:20:LCD_Write32Register8	16	static
../Core/Src/lcd_touch.c:353:6:LCD_init	8	static
../Core/Src/lcd_touch.c:474:6:LCD_Flood	24	static
../Core/Src/lcd_touch.c:498:6:LCD_SetAddrWindow	24	static
../Core/Src/lcd_touch.c:505:6:LCD_FillScreen	16	static
../Core/Src/lcd_touch.c:511:6:LCD_SetRotation	24	static
../Core/Src/lcd_touch.c:540:6:LCD_DrawBMP	72	static
../Core/Src/lcd_touch.c:619:6:LCD_DrawPixel	16	static
../Core/Src/lcd_touch.c:630:6:LCD_DrawLine	48	static
../Core/Src/lcd_touch.c:671:6:LCD_DrawFastHLine	32	static
../Core/Src/lcd_touch.c:694:6:LCD_DrawFastVLine	32	static
../Core/Src/lcd_touch.c:714:6:LCD_DrawRect	24	static
../Core/Src/lcd_touch.c:721:6:LCD_FillRect	32	static
../Core/Src/lcd_touch.c:751:6:LCD_DrawCircle	40	static
../Core/Src/lcd_touch.c:784:6:LCD_DrawCircleHelper	40	static
../Core/Src/lcd_touch.c:819:6:LCD_FillCircle	32	static
../Core/Src/lcd_touch.c:824:6:LCD_FillCircleHelper	40	static
../Core/Src/lcd_touch.c:853:6:LCD_DrawTriangle	32	static
../Core/Src/lcd_touch.c:859:6:LCD_FillTriangle	72	static
../Core/Src/lcd_touch.c:935:6:LCD_DrawRoundRect	32	static
../Core/Src/lcd_touch.c:948:6:LCD_FillRoundRect	32	static
../Core/Src/lcd_touch.c:957:6:LCD_SetCursor	16	static
../Core/Src/lcd_touch.c:962:6:LCD_DrawChar	64	static
../Core/Src/lcd_touch.c:1026:6:LCD_Printf	48	static
../Core/Src/lcd_touch.c:1081:6:GPIO_DrawMode	40	static
