../Drivers/STM32U5xx_HAL_Driver/Inc/stm32u5xx_ll_bus.h:727:22:LL_AHB2_GRP1_EnableClock	24	static
../Drivers/STM32U5xx_HAL_Driver/Inc/stm32u5xx_ll_bus.h:1693:22:LL_APB1_GRP2_EnableClock	24	static
../Core/Src/main.c:84:5:main	8	static
../Core/Src/main.c:205:6:SystemClock_Config	128	static
../Core/Src/main.c:259:13:SystemPower_Config	8	static
../Core/Src/main.c:277:13:MX_ADC1_Init	8	static
../Core/Src/main.c:321:13:MX_TIM1_Init	40	static
../Core/Src/main.c:368:13:MX_UCPD1_Init	32	static
../Core/Src/main.c:410:13:MX_USART1_UART_Init	8	static
../Core/Src/main.c:458:13:MX_USB_OTG_FS_PCD_Init	8	static
../Core/Src/main.c:492:13:MX_GPIO_Init	64	static
../Core/Src/main.c:605:6:Error_Handler	4	static,ignoring_inline_asm
